// Jest Snapshot v1, https://goo.gl/fbAQLP

exports[`ProjectSection ProjectSection component should properly render the component elements 1`] = `
<div
  className="ProjectSection"
>
  <div
    className="subheading-container"
  >
    <h2
      className="project-header"
    >
      NO PROJECT LOADED
    </h2>
  </div>
  <div
    className="content-container"
  >
    <Connect(ProjectControls) />
    <hr />
    <Search />
    <hr />
    <Connect(ProjectList) />
  </div>
</div>
`;
