// Jest Snapshot v1, https://goo.gl/fbAQLP

exports[`App App component should properly render the component elements 1`] = `
<div
  className="App"
>
  <div>
    <Header />
    <div
      className="app-content"
    >
      <PaletteSection />
      <Connect(ProjectSection) />
    </div>
  </div>
</div>
`;
