// Jest Snapshot v1, https://goo.gl/fbAQLP

exports[`ProjectControls should properly render the component elements 1`] = `
<div
  className="ProjectControls"
>
  <form
    className="create-project-form"
  >
    <label
      htmlFor="create-project"
    >
      Create your project:
    </label>
    <input
      className="create-project-input"
      name="create-project"
      type="text"
    />
    <button
      type="submit"
    >
      Save Project
    </button>
  </form>
  <form
    className="save-palette-form"
  >
    <label
      className="save-palette-label"
      htmlFor="save-palette"
    >
      Save your palette:
    </label>
    <input
      className="save-palette-input"
      name="save-palette"
      type="text"
    />
    <select>
      <option
        value="default"
      >
        Save to:
      </option>
    </select>
    <button
      type="submit"
    >
      Save Palette
    </button>
  </form>
</div>
`;
