// Jest Snapshot v1, https://goo.gl/fbAQLP

exports[`ColorBox ColorBox component should properly render the component elements 1`] = `
<div
  className="ColorBox"
>
  <div
    className="mapped-colors"
  >
    <Connect(ColorCard)
      hexcode="ffffff"
      key="0"
    />
    <Connect(ColorCard)
      hexcode="fffff1"
      key="1"
    />
    <Connect(ColorCard)
      hexcode="fffff2"
      key="2"
    />
    <Connect(ColorCard)
      hexcode="fffff3"
      key="3"
    />
    <Connect(ColorCard)
      hexcode="fffff4"
      key="4"
    />
  </div>
</div>
`;
