// Jest Snapshot v1, https://goo.gl/fbAQLP

exports[`ProjectList ProjectList component should properly render the component elements 1`] = `
<div
  className="ProjectList"
>
  <Connect(ProjectCard)
    key="309fe5c1-25fa-4f0d-81da-997e33a1acc0"
    project={
      Object {
        "created_at": "2019-03-26T05:17:02.689Z",
        "id": 1,
        "name": "Warm colors project",
        "updated_at": "2019-03-26T05:17:02.689Z",
      }
    }
  />
  <Connect(ProjectCard)
    key="855407b9-7969-441d-992e-6d013a2d02b2"
    project={
      Object {
        "created_at": "2019-03-26T05:17:02.702Z",
        "id": 2,
        "name": "Cool colors project",
        "updated_at": "2019-03-26T05:17:02.702Z",
      }
    }
  />
  <Connect(ProjectCard)
    key="b2071439-ac7e-4f37-a364-f4e946dfb7d9"
    project={
      Object {
        "created_at": "2019-03-26T05:17:02.727Z",
        "id": 3,
        "name": "Neutral colors project",
        "updated_at": "2019-03-26T05:17:02.727Z",
      }
    }
  />
</div>
`;
