// Jest Snapshot v1, https://goo.gl/fbAQLP

exports[`PaletteCard PaletteCard component should properly render the component elements 1`] = `
<div
  className="PaletteCard"
>
  <div
    className="mapped-palettes"
    key="ac5b963f-8087-4f03-aefa-fa08602c1846"
    onClick={[Function]}
  >
    <span
      className="palette-name"
    >
      Summer colors
    </span>
    <span
      className="color-minibox"
      style={
        Object {
          "backgroundColor": "#FFFF82",
        }
      }
    />
    <span
      className="color-minibox"
      style={
        Object {
          "backgroundColor": "#DDDCF7",
        }
      }
    />
    <span
      className="color-minibox"
      style={
        Object {
          "backgroundColor": "#B5D99C",
        }
      }
    />
    <span
      className="color-minibox"
      style={
        Object {
          "backgroundColor": "#FFAF66",
        }
      }
    />
    <span
      className="color-minibox"
      style={
        Object {
          "backgroundColor": "#E65F5C",
        }
      }
    />
    <span
      className="delete-button"
      id={1}
      onClick={[Function]}
      role="img"
    >
      🗑️
    </span>
  </div>
  <div
    className="mapped-palettes"
    key="b225b8e9-3b7a-4ac6-b286-ab86783c9580"
    onClick={[Function]}
  >
    <span
      className="palette-name"
    >
      Spring colors
    </span>
    <span
      className="color-minibox"
      style={
        Object {
          "backgroundColor": "#F25469",
        }
      }
    />
    <span
      className="color-minibox"
      style={
        Object {
          "backgroundColor": "#BD2D87",
        }
      }
    />
    <span
      className="color-minibox"
      style={
        Object {
          "backgroundColor": "#D664BE",
        }
      }
    />
    <span
      className="color-minibox"
      style={
        Object {
          "backgroundColor": "#DF99F0",
        }
      }
    />
    <span
      className="color-minibox"
      style={
        Object {
          "backgroundColor": "#B191FF",
        }
      }
    />
    <span
      className="delete-button"
      id={2}
      onClick={[Function]}
      role="img"
    >
      🗑️
    </span>
  </div>
  <div
    className="mapped-palettes"
    key="49eb918a-3efc-4ee6-b5f6-515912219fd5"
    onClick={[Function]}
  >
    <span
      className="palette-name"
    >
      Fall colors
    </span>
    <span
      className="color-minibox"
      style={
        Object {
          "backgroundColor": "#FCD0A1",
        }
      }
    />
    <span
      className="color-minibox"
      style={
        Object {
          "backgroundColor": "#B1B695",
        }
      }
    />
    <span
      className="color-minibox"
      style={
        Object {
          "backgroundColor": "#A690A4",
        }
      }
    />
    <span
      className="color-minibox"
      style={
        Object {
          "backgroundColor": "#EFA958",
        }
      }
    />
    <span
      className="color-minibox"
      style={
        Object {
          "backgroundColor": "#AFD2E9",
        }
      }
    />
    <span
      className="delete-button"
      id={3}
      onClick={[Function]}
      role="img"
    >
      🗑️
    </span>
  </div>
  <div
    className="mapped-palettes"
    key="16e6f00d-30ba-4ef1-bfb2-28d941e1980f"
    onClick={[Function]}
  >
    <span
      className="palette-name"
    >
      Winter colors
    </span>
    <span
      className="color-minibox"
      style={
        Object {
          "backgroundColor": "#594157",
        }
      }
    />
    <span
      className="color-minibox"
      style={
        Object {
          "backgroundColor": "#726DA8",
        }
      }
    />
    <span
      className="color-minibox"
      style={
        Object {
          "backgroundColor": "#7D8CC4",
        }
      }
    />
    <span
      className="color-minibox"
      style={
        Object {
          "backgroundColor": "#A0D2DB",
        }
      }
    />
    <span
      className="color-minibox"
      style={
        Object {
          "backgroundColor": "#BEE7E8",
        }
      }
    />
    <span
      className="delete-button"
      id={4}
      onClick={[Function]}
      role="img"
    >
      🗑️
    </span>
  </div>
</div>
`;
